// Jest Snapshot v1, https://goo.gl/fbAQLP

exports[`Divider Component should render correctly 1`] = `
<hr
  style={
    Object {
      "margin": "20px 0",
    }
  }
/>
`;
