// Jest Snapshot v1, https://goo.gl/fbAQLP

exports[`ProgressBar Component should render correctly 1`] = `
<progress
  className="progress-bar test-className"
/>
`;
