// Jest Snapshot v1, https://goo.gl/fbAQLP

exports[`TextArea Component should render correctly 1`] = `
<label
  className="text-area test-className"
  htmlFor="testId"
>
  <span>
    test label
  </span>
  <textarea
    id="testId"
  />
</label>
`;
